// Jest Snapshot v1, https://goo.gl/fbAQLP

exports[`RouteConfig component renders 1`] = `
<BrowserRouter>
  <withRouter(Security)
    client_id="0oaf3emz9n7G0xYA20h7"
    issuer="https://dev-689082.oktapreview.com/oauth2/default"
    redirect_uri="http://localhost/implicit/callback"
  >
    <PageContainer />
    <Route
      component={[Function]}
      path="/implicit/callback"
    />
  </withRouter(Security)>
</BrowserRouter>
`;
